// Jest Snapshot v1, https://goo.gl/fbAQLP

exports[`matches snapshot 1`] = `
<div
  style={
    Object {
      "backgroundColor": "#ffffff73",
      "borderRadius": "1em",
    }
  }
>
  <span
    className="MuiRadio-root MuiRadio-colorPrimary MuiButtonBase-root MuiRadio-root MuiRadio-colorPrimary PrivateSwitchBase-root css-jlr4rk-MuiButtonBase-root-MuiRadio-root"
    data-testid="radio-yellow"
    onBlur={[Function]}
    onContextMenu={[Function]}
    onDragLeave={[Function]}
    onFocus={[Function]}
    onKeyDown={[Function]}
    onKeyUp={[Function]}
    onMouseDown={[Function]}
    onMouseLeave={[Function]}
    onMouseUp={[Function]}
    onTouchEnd={[Function]}
    onTouchMove={[Function]}
    onTouchStart={[Function]}
    tabIndex={null}
  >
    <input
      aria-label="yellow"
      checked={false}
      className="PrivateSwitchBase-input css-1m9pwf3"
      name="color-radio-button-demo"
      onChange={[Function]}
      type="radio"
      value="yellow"
    />
    <span
      className="css-hyxlzm"
    >
      <svg
        aria-hidden={true}
        className="MuiSvgIcon-root MuiSvgIcon-fontSizeMedium css-1hbvpl3-MuiSvgIcon-root"
        data-testid="RadioButtonUncheckedIcon"
        focusable="false"
        viewBox="0 0 24 24"
      >
        <path
          d="M12 2C6.48 2 2 6.48 2 12s4.48 10 10 10 10-4.48 10-10S17.52 2 12 2zm0 18c-4.42 0-8-3.58-8-8s3.58-8 8-8 8 3.58 8 8-3.58 8-8 8z"
        />
      </svg>
      <svg
        aria-hidden={true}
        className="MuiSvgIcon-root MuiSvgIcon-fontSizeMedium css-1hhw7if-MuiSvgIcon-root"
        data-testid="RadioButtonCheckedIcon"
        focusable="false"
        viewBox="0 0 24 24"
      >
        <path
          d="M8.465 8.465C9.37 7.56 10.62 7 12 7C14.76 7 17 9.24 17 12C17 13.38 16.44 14.63 15.535 15.535C14.63 16.44 13.38 17 12 17C9.24 17 7 14.76 7 12C7 10.62 7.56 9.37 8.465 8.465Z"
        />
      </svg>
    </span>
  </span>
  <span
    className="MuiRadio-root MuiRadio-colorSecondary MuiButtonBase-root MuiRadio-root MuiRadio-colorSecondary PrivateSwitchBase-root css-d2bh51-MuiButtonBase-root-MuiRadio-root"
    data-testid="radio-violet"
    onBlur={[Function]}
    onContextMenu={[Function]}
    onDragLeave={[Function]}
    onFocus={[Function]}
    onKeyDown={[Function]}
    onKeyUp={[Function]}
    onMouseDown={[Function]}
    onMouseLeave={[Function]}
    onMouseUp={[Function]}
    onTouchEnd={[Function]}
    onTouchMove={[Function]}
    onTouchStart={[Function]}
    tabIndex={null}
  >
    <input
      aria-label="violet"
      checked={false}
      className="PrivateSwitchBase-input css-1m9pwf3"
      name="color-radio-button-demo"
      onChange={[Function]}
      type="radio"
      value="violet"
    />
    <span
      className="css-hyxlzm"
    >
      <svg
        aria-hidden={true}
        className="MuiSvgIcon-root MuiSvgIcon-fontSizeMedium css-1hbvpl3-MuiSvgIcon-root"
        data-testid="RadioButtonUncheckedIcon"
        focusable="false"
        viewBox="0 0 24 24"
      >
        <path
          d="M12 2C6.48 2 2 6.48 2 12s4.48 10 10 10 10-4.48 10-10S17.52 2 12 2zm0 18c-4.42 0-8-3.58-8-8s3.58-8 8-8 8 3.58 8 8-3.58 8-8 8z"
        />
      </svg>
      <svg
        aria-hidden={true}
        className="MuiSvgIcon-root MuiSvgIcon-fontSizeMedium css-1hhw7if-MuiSvgIcon-root"
        data-testid="RadioButtonCheckedIcon"
        focusable="false"
        viewBox="0 0 24 24"
      >
        <path
          d="M8.465 8.465C9.37 7.56 10.62 7 12 7C14.76 7 17 9.24 17 12C17 13.38 16.44 14.63 15.535 15.535C14.63 16.44 13.38 17 12 17C9.24 17 7 14.76 7 12C7 10.62 7.56 9.37 8.465 8.465Z"
        />
      </svg>
    </span>
  </span>
  <span
    className="MuiRadio-root MuiRadio-colorDefault MuiButtonBase-root MuiRadio-root MuiRadio-colorDefault PrivateSwitchBase-root css-1gu2tss-MuiButtonBase-root-MuiRadio-root"
    data-testid="radio-grey"
    onBlur={[Function]}
    onContextMenu={[Function]}
    onDragLeave={[Function]}
    onFocus={[Function]}
    onKeyDown={[Function]}
    onKeyUp={[Function]}
    onMouseDown={[Function]}
    onMouseLeave={[Function]}
    onMouseUp={[Function]}
    onTouchEnd={[Function]}
    onTouchMove={[Function]}
    onTouchStart={[Function]}
    tabIndex={null}
  >
    <input
      aria-label="grey"
      checked={false}
      className="PrivateSwitchBase-input css-1m9pwf3"
      name="color-radio-button-demo"
      onChange={[Function]}
      type="radio"
      value="grey"
    />
    <span
      className="css-hyxlzm"
    >
      <svg
        aria-hidden={true}
        className="MuiSvgIcon-root MuiSvgIcon-fontSizeMedium css-1hbvpl3-MuiSvgIcon-root"
        data-testid="RadioButtonUncheckedIcon"
        focusable="false"
        viewBox="0 0 24 24"
      >
        <path
          d="M12 2C6.48 2 2 6.48 2 12s4.48 10 10 10 10-4.48 10-10S17.52 2 12 2zm0 18c-4.42 0-8-3.58-8-8s3.58-8 8-8 8 3.58 8 8-3.58 8-8 8z"
        />
      </svg>
      <svg
        aria-hidden={true}
        className="MuiSvgIcon-root MuiSvgIcon-fontSizeMedium css-1hhw7if-MuiSvgIcon-root"
        data-testid="RadioButtonCheckedIcon"
        focusable="false"
        viewBox="0 0 24 24"
      >
        <path
          d="M8.465 8.465C9.37 7.56 10.62 7 12 7C14.76 7 17 9.24 17 12C17 13.38 16.44 14.63 15.535 15.535C14.63 16.44 13.38 17 12 17C9.24 17 7 14.76 7 12C7 10.62 7.56 9.37 8.465 8.465Z"
        />
      </svg>
    </span>
  </span>
  <span
    className="MuiRadio-root MuiRadio-colorPrimary MuiButtonBase-root MuiRadio-root MuiRadio-colorPrimary PrivateSwitchBase-root css-o22y52-MuiButtonBase-root-MuiRadio-root"
    data-testid="radio-pink"
    onBlur={[Function]}
    onContextMenu={[Function]}
    onDragLeave={[Function]}
    onFocus={[Function]}
    onKeyDown={[Function]}
    onKeyUp={[Function]}
    onMouseDown={[Function]}
    onMouseLeave={[Function]}
    onMouseUp={[Function]}
    onTouchEnd={[Function]}
    onTouchMove={[Function]}
    onTouchStart={[Function]}
    tabIndex={null}
  >
    <input
      aria-label="pink"
      checked={false}
      className="PrivateSwitchBase-input css-1m9pwf3"
      name="color-radio-button-demo"
      onChange={[Function]}
      type="radio"
      value="pink"
    />
    <span
      className="css-hyxlzm"
    >
      <svg
        aria-hidden={true}
        className="MuiSvgIcon-root MuiSvgIcon-fontSizeMedium css-1hbvpl3-MuiSvgIcon-root"
        data-testid="RadioButtonUncheckedIcon"
        focusable="false"
        viewBox="0 0 24 24"
      >
        <path
          d="M12 2C6.48 2 2 6.48 2 12s4.48 10 10 10 10-4.48 10-10S17.52 2 12 2zm0 18c-4.42 0-8-3.58-8-8s3.58-8 8-8 8 3.58 8 8-3.58 8-8 8z"
        />
      </svg>
      <svg
        aria-hidden={true}
        className="MuiSvgIcon-root MuiSvgIcon-fontSizeMedium css-1hhw7if-MuiSvgIcon-root"
        data-testid="RadioButtonCheckedIcon"
        focusable="false"
        viewBox="0 0 24 24"
      >
        <path
          d="M8.465 8.465C9.37 7.56 10.62 7 12 7C14.76 7 17 9.24 17 12C17 13.38 16.44 14.63 15.535 15.535C14.63 16.44 13.38 17 12 17C9.24 17 7 14.76 7 12C7 10.62 7.56 9.37 8.465 8.465Z"
        />
      </svg>
    </span>
  </span>
  <span
    className="MuiRadio-root MuiRadio-colorPrimary MuiButtonBase-root MuiRadio-root MuiRadio-colorPrimary PrivateSwitchBase-root css-1nkaav0-MuiButtonBase-root-MuiRadio-root"
    data-testid="radio-orange"
    onBlur={[Function]}
    onContextMenu={[Function]}
    onDragLeave={[Function]}
    onFocus={[Function]}
    onKeyDown={[Function]}
    onKeyUp={[Function]}
    onMouseDown={[Function]}
    onMouseLeave={[Function]}
    onMouseUp={[Function]}
    onTouchEnd={[Function]}
    onTouchMove={[Function]}
    onTouchStart={[Function]}
    tabIndex={null}
  >
    <input
      aria-label="orange"
      checked={false}
      className="PrivateSwitchBase-input css-1m9pwf3"
      name="color-radio-button-demo"
      onChange={[Function]}
      type="radio"
      value="orange"
    />
    <span
      className="css-hyxlzm"
    >
      <svg
        aria-hidden={true}
        className="MuiSvgIcon-root MuiSvgIcon-fontSizeMedium css-1hbvpl3-MuiSvgIcon-root"
        data-testid="RadioButtonUncheckedIcon"
        focusable="false"
        viewBox="0 0 24 24"
      >
        <path
          d="M12 2C6.48 2 2 6.48 2 12s4.48 10 10 10 10-4.48 10-10S17.52 2 12 2zm0 18c-4.42 0-8-3.58-8-8s3.58-8 8-8 8 3.58 8 8-3.58 8-8 8z"
        />
      </svg>
      <svg
        aria-hidden={true}
        className="MuiSvgIcon-root MuiSvgIcon-fontSizeMedium css-1hhw7if-MuiSvgIcon-root"
        data-testid="RadioButtonCheckedIcon"
        focusable="false"
        viewBox="0 0 24 24"
      >
        <path
          d="M8.465 8.465C9.37 7.56 10.62 7 12 7C14.76 7 17 9.24 17 12C17 13.38 16.44 14.63 15.535 15.535C14.63 16.44 13.38 17 12 17C9.24 17 7 14.76 7 12C7 10.62 7.56 9.37 8.465 8.465Z"
        />
      </svg>
    </span>
  </span>
</div>
`;
